-----------------IMPORTANT-------------------
# The following files will be installed 
# with this patch 
---------------------------------------------
$INSTALL_HOME/source.me.sh
$INSTALL_HOME/iScriptLib/iScriptLib_Tax/ISC_TaxCalc.isc
$INSTALL_HOME/lib/libBAS64.so
$INSTALL_HOME/lib/libNetworkHelper64.so
$INSTALL_HOME/lib/libFCT_Filter_Set64.so
$INSTALL_HOME/lib/libNET_EM64.so
$INSTALL_HOME/lib/libFCT_BatchSuspense64.so
$INSTALL_HOME/lib/libFCT_SegRateNoCust64.so
$INSTALL_HOME/lib/portal_op_flds.dat
$INSTALL_HOME/lib/libFCT_AccountLPRouter64.so
$INSTALL_HOME/lib/libResourcePriceValidation64.so
$INSTALL_HOME/lib/libEXT_FList64.so
$INSTALL_HOME/lib/libDAT_Calendar64.so
$INSTALL_HOME/lib/libOUT_GenericStream64.so
$INSTALL_HOME/lib/libFCT_Opcode64.so
$INSTALL_HOME/lib/libFCT_IRules64.so
$INSTALL_HOME/lib/libFCT_RateAdjust64.so
$INSTALL_HOME/lib/libagent_pp64.so
$INSTALL_HOME/lib/libFRM64.so
$INSTALL_HOME/lib/libDAT_Recycle64.so
$INSTALL_HOME/lib/libEXT_AsnTree64.so
$INSTALL_HOME/lib/libportal64.so
$INSTALL_HOME/lib/libOMF64.so
$INSTALL_HOME/lib/libSTR64.so
$INSTALL_HOME/lib/libDAT_Currency64.so
$INSTALL_HOME/lib/libCTL64.so
$INSTALL_HOME/lib/libFCT_GlobalRating64.so
$INSTALL_HOME/lib/libFCT_Zone64.so
$INSTALL_HOME/lib/libIXT_PCM64.so
$INSTALL_HOME/lib/libFCT_ServiceCodeMap64.so
$INSTALL_HOME/lib/libagentx_pp64.so
$INSTALL_HOME/lib/libGLIDPriceValidation64.so
$INSTALL_HOME/lib/libEXT_Opcode64.so
$INSTALL_HOME/lib/libDAT_TimeModel64.so
$INSTALL_HOME/lib/libpin_crypt_aes64.so
$INSTALL_HOME/lib/libFCT_CliMapping64.so
$INSTALL_HOME/lib/libIXT_PipelineBal64.so
$INSTALL_HOME/lib/libFCT_Reject64.so
$INSTALL_HOME/lib/libDAT_AccountBatch64.so
$INSTALL_HOME/lib/libDAT_Discount64.so
$INSTALL_HOME/lib/libFCT_UoM_Map64.so
$INSTALL_HOME/lib/libFCT_Account64.so
$INSTALL_HOME/lib/libace64.so
$INSTALL_HOME/lib/libFCT_Recycle64.so
$INSTALL_HOME/lib/libFCT_Discount64.so
$INSTALL_HOME/lib/libpcmcpp6764.so
$INSTALL_HOME/lib/libpcmext64.so
$INSTALL_HOME/lib/libexpat64.so
$INSTALL_HOME/lib/libFCT_SegZoneNoCust64.so
$INSTALL_HOME/lib/libIXT_ProfileLabel64.so
$INSTALL_HOME/lib/libDAT_Dayrate64.so
$INSTALL_HOME/lib/libFCT_EdrDump64.so
$INSTALL_HOME/lib/libEventMsg64.so
$INSTALL_HOME/lib/libDAT_Zone64.so
$INSTALL_HOME/lib/libFCT_FirstUsageNotify64.so
$INSTALL_HOME/lib/libSCR64.so
$INSTALL_HOME/lib/libFCT_MainZoning64.so
$INSTALL_HOME/lib/libFCT_ApplyBalance64.so
$INSTALL_HOME/lib/libDAT_PortalConfig64.so
$INSTALL_HOME/lib/libDAT_PriceModel64.so
$INSTALL_HOME/lib/libDAT_ItemAssign64.so
$INSTALL_HOME/lib/libDAT_DiscountExt64.so
$INSTALL_HOME/lib/libDBC64.so
$INSTALL_HOME/lib/libDAT_ModelSelector64.so
$INSTALL_HOME/lib/libFCT_APN_Map64.so
$INSTALL_HOME/lib/libRatePlanValidation64.so
$INSTALL_HOME/lib/libFCT_AggreGate64.so
$INSTALL_HOME/lib/libFCT_Dayrate64.so
$INSTALL_HOME/lib/libFCT_PrefixDesc64.so
$INSTALL_HOME/lib/libTAM64.so
$INSTALL_HOME/lib/libOBS64.so
$INSTALL_HOME/lib/libFCT_Discard64.so
$INSTALL_HOME/lib/libOUT_Reject64.so
$INSTALL_HOME/lib/libFCT_SocialNo64.so
$INSTALL_HOME/lib/libEVT64.so
$INSTALL_HOME/lib/libEXT_Converter64.so
$INSTALL_HOME/lib/libDAT_ExchangeRate64.so
$INSTALL_HOME/lib/libEDR64.so
$INSTALL_HOME/lib/libIXT_Db64.so
$INSTALL_HOME/lib/libIXT_OpFlag64.so
$INSTALL_HOME/lib/libDAT_NumberPortability64.so
$INSTALL_HOME/lib/libWEB64.so
$INSTALL_HOME/lib/libFCT_AccountRouter64.so
$INSTALL_HOME/lib/libpcmcpp6064.so
$INSTALL_HOME/lib/libEXT_InEasyDB64.so
$INSTALL_HOME/lib/libINP_Recycle64.so
$INSTALL_HOME/lib/libINP_GenericStream64.so
$INSTALL_HOME/lib/libFCT_MainRating64.so
$INSTALL_HOME/lib/libDiscountAndSponsorValidation64.so
$INSTALL_HOME/lib/libDAT_BalanceRealtime64.so
$INSTALL_HOME/lib/libIXT_Era64.so
$INSTALL_HOME/lib/libEXT_PipelineDispatcher64.so
$INSTALL_HOME/lib/libFCT_USC_Map64.so
$INSTALL_HOME/lib/libFCT_UsageClassMap64.so
$INSTALL_HOME/lib/libFCT_EnhancedSplitting64.so
$INSTALL_HOME/lib/libIFW64.so
$INSTALL_HOME/lib/libDAT_ResubmitBatch64.so
$INSTALL_HOME/lib/libFCT_NumberPortability64.so
$INSTALL_HOME/lib/libDAT_AccountRealtime64.so
$INSTALL_HOME/lib/libFCT_RSC_Map64.so
$INSTALL_HOME/lib/libFCT_CreditLimitCheck64.so
$INSTALL_HOME/lib/libFCT_Suspense64.so
$INSTALL_HOME/lib/libFCT_Splitting64.so
$INSTALL_HOME/lib/libOracleQueue64.so
$INSTALL_HOME/lib/libDAT_BalanceBatch64.so
$INSTALL_HOME/lib/libFCT_CallAssembling64.so
$INSTALL_HOME/lib/libOUT_Realtime64.so
$INSTALL_HOME/lib/libEXT_OutFileManager64.so
$INSTALL_HOME/lib/libFCT_CustomerRating64.so
$INSTALL_HOME/lib/libFCT_NOSP64.so
$INSTALL_HOME/lib/libDAT_USC_Map64.so
$INSTALL_HOME/lib/libFCT_PreSuspense64.so
$INSTALL_HOME/lib/libPBC64.so
$INSTALL_HOME/lib/libFCT_DroppedCall64.so
$INSTALL_HOME/lib/libEXT_InFileManager64.so
$INSTALL_HOME/lib/libFCT_EventOrder64.so
$INSTALL_HOME/lib/libDBL64.so
$INSTALL_HOME/lib/libIXT_PortalConfig64.so
$INSTALL_HOME/lib/libEdrDumpParser64.so
$INSTALL_HOME/lib/libFCT_DataDump64.so
$INSTALL_HOME/lib/libFilterSetPriceValidation64.so
$INSTALL_HOME/lib/libsnmp_pp64.so
$INSTALL_HOME/lib/libFCT_TriggerBill64.so
$INSTALL_HOME/lib/libPLG_Base64.so
$INSTALL_HOME/lib/libSTR_Base64.so
$INSTALL_HOME/lib/libFCT_PreRating64.so
$INSTALL_HOME/lib/libDAT_NOSP64.so
$INSTALL_HOME/lib/libFCT_IScript64.so
$INSTALL_HOME/lib/libDAT_PrefixDesc64.so
$INSTALL_HOME/lib/libGDD64.so
$INSTALL_HOME/lib/libFCT_ExchangeRate64.so
$INSTALL_HOME/lib/libFCT_PreRecycle64.so
$INSTALL_HOME/lib/libRTPXmlValidation64.so
$INSTALL_HOME/lib/libFCT_DuplicateCheck64.so
$INSTALL_HOME/lib/libDAT_Listener64.so
$INSTALL_HOME/lib/libxalan-c64.so
$INSTALL_HOME/lib/libFCT_DiscountAnalysis64.so
$INSTALL_HOME/lib/libCSH64.so
$INSTALL_HOME/lib/libDAT_ScenarioReader64.so
$INSTALL_HOME/lib/libPLG64.so
$INSTALL_HOME/lib/libDAT_ConnectionPool64.so
$INSTALL_HOME/lib/libFCT_BillingRecord64.so
$INSTALL_HOME/lib/libFCT_ItemAssign64.so
$INSTALL_HOME/lib/libOUT_DB64.so
$INSTALL_HOME/lib/libOUT_DevNull64.so
$INSTALL_HOME/lib/libxalanMsg64.so
$INSTALL_HOME/lib/libFCT_Rounding64.so
$INSTALL_HOME/lib/libxercesc64.so
$INSTALL_HOME/lib/libDAT_Rateplan64.so
$INSTALL_HOME/lib/libINP_Realtime64.so
$INSTALL_HOME/lib/libLOG64.so
$INSTALL_HOME/lib/libINP_EdrDump64.so
$INSTALL_HOME/bin/pin_ctl
$INSTALL_HOME/bin/stop_pre_recycle.pl
$INSTALL_HOME/bin/pin_container_to_stream_format
$INSTALL_HOME/bin/purge_np_data.pl
$INSTALL_HOME/bin/start_RealtimePipelineGPRS.pl
$INSTALL_HOME/bin/reload_price.pl
$INSTALL_HOME/bin/start_RealtimePipelineGSM.pl
$INSTALL_HOME/bin/start_all_rate.pl
$INSTALL_HOME/bin/ifw_eventhandler64
$INSTALL_HOME/bin/pin_mib_generator
$INSTALL_HOME/bin/pin_ctl.conf
$INSTALL_HOME/bin/off_queue_buffer.pl
$INSTALL_HOME/bin/stop_RealtimePipelineGSM.pl
$INSTALL_HOME/bin/start_main_stop_rerating.pl
$INSTALL_HOME/bin/dump_portal_act_data.pl
$INSTALL_HOME/bin/iencrypt
$INSTALL_HOME/bin/set_dup_check_limit.pl
$INSTALL_HOME/bin/set_call_ass_limit.pl
$INSTALL_HOME/bin/start_pre_recycle.pl
$INSTALL_HOME/bin/start_RealtimePipelineZone.pl
$INSTALL_HOME/bin/start_rerating_stop_main.pl
$INSTALL_HOME/bin/start_recycle.pl
$INSTALL_HOME/bin/start_all_pipeline.pl
$INSTALL_HOME/bin/stop_pre_process.pl
$INSTALL_HOME/bin/DMTDscntMig
$INSTALL_HOME/bin/reload_portal_act_data.pl
$INSTALL_HOME/bin/stop_RealtimePipelineGPRS.pl
$INSTALL_HOME/bin/PriceValidationTool
$INSTALL_HOME/bin/ifw
$INSTALL_HOME/bin/supportInformer.pl
$INSTALL_HOME/bin/reload_zone.pl
$INSTALL_HOME/bin/pin_crypt_app
$INSTALL_HOME/bin/idecrypt
$INSTALL_HOME/bin/start_DiscountPipeline.pl
$INSTALL_HOME/bin/start_pre_process.pl
$INSTALL_HOME/bin/stop_RealtimePipelineZone.pl
$INSTALL_HOME/bin/stop_DiscountPipeline.pl
$INSTALL_HOME/bin/stop_all_rate.pl
$INSTALL_HOME/bin/dbLoader
$INSTALL_HOME/bin/stop_all_pipeline.pl
$INSTALL_HOME/bin/showBinaryLog
$INSTALL_HOME/formatDesc/Formats/Solution42/SOL42_V670_REL_OutGrammar_BACKOUT.dsc
$INSTALL_HOME/formatDesc/Formats/Solution42/SOL42_V670_REL_OutGrammar.dsc
$INSTALL_HOME/formatDesc/Formats/Solution42/V670_EVENT_LOADER_OutMap.dsc
$INSTALL_HOME/formatDesc/Formats/Solution42/SOL42_V670_REL_InGrammar.dsc
$INSTALL_HOME/formatDesc/Formats/Solution42/SOL42_V670_REL_InGrammar_BACKOUT.dsc
$INSTALL_HOME/formatDesc/Formats/Solution42/V670_EVENT_LOADER.dsc
$INSTALL_HOME/formatDesc/Formats/Solution42/SOL42_V670_REL.dsc
$INSTALL_HOME/formatDesc/Formats/Solution42/SOL42_V670_REL_InMap.dsc
$INSTALL_HOME/formatDesc/Formats/Solution42/V670_EVENT_LOADER_OutGrammar.dsc
$INSTALL_HOME/formatDesc/Formats/Solution42/SOL42_V670_REL_FORINPUT.dsc
$INSTALL_HOME/formatDesc/Formats/Solution42/SOL42_V670_REL_OutMap.dsc
$INSTALL_HOME/formatDesc/Formats/Realtime/rate_event.xml
$INSTALL_HOME/formatDesc/Portal/containerDesc.dsc
$INSTALL_HOME/etc/DAT_Listener.msg
$INSTALL_HOME/etc/DAT_BalanceBatch.msg
$INSTALL_HOME/etc/EXT_InEasyDB_ERROR.msg
$INSTALL_HOME/etc/FCT_BillingRecord_Error.msg
$INSTALL_HOME/etc/Framework.msg
$INSTALL_HOME/etc/DAT_AccountBatch.msg
$INSTALL_HOME/etc/FCT_Discount_Error.msg
$INSTALL_HOME/tools/StateConfigTool/stateconfigtool.jar
$INSTALL_HOME/tools/XmlLoader/LoadIfwConfig.xsd
$INSTALL_HOME/tools/ServiceTypeReport/serviceTypeReport.pl
$INSTALL_HOME/database/Oracle/Scripts/ifw_Create.sql
$INSTALL_HOME/database/Documentation/ifw.rtf
$INSTALL_HOME/instrumentation/portal_omf.xsl
$INSTALL_HOME/conf/wirelessRealtime.reg
$INSTALL_HOME/conf/wireless.reg
$INSTALL_HOME/conf/rerating.reg
$INSTALL_HOME/conf/pricingdata/Oracle/ifw_discountdetail.sql
$INSTALL_HOME/conf/pricingdata/Oracle/ifw_discountmdl_ver.sql
$INSTALL_HOME/conf/pricingdata/Oracle/ifw_icproduct_all.sql
$INSTALL_HOME/conf/pricingdata/Oracle/ifw_networkoper.sql
$INSTALL_HOME/conf/pricingdata/Oracle/ifw_discountrule.sql
$INSTALL_HOME/conf/pricingdata/Oracle/ifw_discountcondition.sql
$INSTALL_HOME/conf/pricingdata/Oracle/ifw_discountmdl_cnf.sql
$INSTALL_HOME/conf/pricingdata/Oracle/ifw_splittingtype_all.sql
$INSTALL_HOME/conf/pricingdata/Oracle/ifw_discountbalimpact.sql
$INSTALL_HOME/conf/pricingdata/Oracle/ifw_discountstep.sql
$INSTALL_HOME/releaseNotes/RELEASE_NOTES.DAT_Recycle
$INSTALL_HOME/releaseNotes/RELEASE_NOTES.DAT_Listener
$INSTALL_HOME/releaseNotes/RELEASE_NOTES.INP_rate_event_xml
$INSTALL_HOME/releaseNotes/RELEASE_NOTES.FCT_MainRating
$INSTALL_HOME/releaseNotes/RELEASE_NOTES.OUT_GenericStream
$INSTALL_HOME/releaseNotes/RELEASE_NOTES.FCT_BillingRecord
$INSTALL_HOME/releaseNotes/RELEASE_NOTES.FCT_Discount
$INSTALL_HOME/releaseNotes/RELEASE_NOTES.PortalContainerDesc
$INSTALL_HOME/releaseNotes/RELEASE_NOTES.DAT_AccountRealtime
$INSTALL_HOME/releaseNotes/RELEASE_NOTES.DBL
$INSTALL_HOME/releaseNotes/RELEASE_NOTES.FCT_Filter_Set
$INSTALL_HOME/releaseNotes/RELEASE_NOTES.DAT_ModelSelector
$INSTALL_HOME/releaseNotes/RELEASE_NOTES.EXT_OutFileManager
$INSTALL_HOME/releaseNotes/RELEASE_NOTES.DAT_BalanceBatch
$INSTALL_HOME/releaseNotes/RELEASE_NOTES.INP_Recycle
$INSTALL_HOME/releaseNotes/RELEASE_NOTES.FCT_ApplyBalance
$INSTALL_HOME/releaseNotes/RELEASE_NOTES.DAT_Discount
$INSTALL_HOME/releaseNotes/RELEASE_NOTES.Database
$INSTALL_HOME/releaseNotes/RELEASE_NOTES.IXT_Era
$INSTALL_HOME/releaseNotes/RELEASE_NOTES.FCT_DiscountAnalysis
$INSTALL_HOME/releaseNotes/RELEASE_NOTES.EXT_InEasyDB
$INSTALL_HOME/releaseNotes/RELEASE_NOTES.FCT_ItemAssign
$INSTALL_HOME/releaseNotes/RELEASE_NOTES.DAT_ItemAssign
$INSTALL_HOME/releaseNotes/RELEASE_NOTES.FCT_Account
$INSTALL_HOME/releaseNotes/RELEASE_NOTES.FCT_IScript
$INSTALL_HOME/releaseNotes/RELEASE_NOTES.FCT_Suspense
$INSTALL_HOME/releaseNotes/RELEASE_NOTES.FCT_CustomerRating
$INSTALL_HOME/releaseNotes/RELEASE_NOTES.FCT_CreditLimitCheck
$INSTALL_HOME/releaseNotes/RELEASE_NOTES.DAT_AccountBatch
$INSTALL_HOME/releaseNotes/RELEASE_NOTES.DAT_Rateplan
$INSTALL_HOME/releaseNotes/RELEASE_NOTES.ifw
$INSTALL_HOME/releaseNotes/RELEASE_NOTES.ISL_Tax
$INSTALL_HOME/releaseNotes/RELEASE_NOTES.Solution42
$INSTALL_HOME/releaseNotes/RELEASE_NOTES.INP_Realtime
$INSTALL_HOME/iScriptLib/iScriptLib_Standard/ISC_GetResourceBalance.isc
$INSTALL_HOME/lib/libBAS_crypt64.so
---------------------------------------------
# The following files were packaged with 
# this patch, However only the applicable 
# files will be installed 
---------------------------------------------
$PATCH_HOME/source.me.sh
$PATCH_HOME/iScriptLib/AAA/ISC_TimeoutPreZone.isc
$PATCH_HOME/iScriptLib/AAA/ISC_StartTime.isc
$PATCH_HOME/iScriptLib/AAA/ISC_PopulateOpcodeAndUtilBlock_Diameter.isc
$PATCH_HOME/iScriptLib/iScriptLib_Tax/ISC_TaxCalc.isc
$PATCH_HOME/iScriptLib/iScriptLib_Standard/ISC_ProfileAnalyzer.isc
$PATCH_HOME/iScriptLib/iScriptLib_Standard/ISC_ObjectCacheTypeOutputSplitter.isc
$PATCH_HOME/iScriptLib/iScriptLib_Standard/ISC_GetResourceBalance.isc
$PATCH_HOME/iScriptLib/iScriptLib_Suspense/ISC_Migration.isc
$PATCH_HOME/iScriptLib/iScriptLib_Roaming/ISC_TAP_0311_Include.isc
$PATCH_HOME/iScriptLib/iScriptLib_Roaming/ISC_UpdateTapInfo_StopRapout.isc
$PATCH_HOME/iScriptLib/iScriptLib_Roaming/ISC_TAP_0311_Validations.isc
$PATCH_HOME/iScriptLib/iScriptLib_Roaming/ISC_TAP_0312_Validations.isc
$PATCH_HOME/iScriptLib/iScriptLib_Roaming/ISC_TAP_0312_InMap.isc
$PATCH_HOME/iScriptLib/iScriptLib_Roaming/ISC_NRTRDE_EventSplit.isc
$PATCH_HOME/iScriptLib/iScriptLib_Roaming/ISC_GetCamelFlag.isc
$PATCH_HOME/iScriptLib/iScriptLib_Roaming/ISC_OverrideSuspenseParams.isc
$PATCH_HOME/iScriptLib/iScriptLib_Roaming/ISC_OverrideRateTag.isc
$PATCH_HOME/iScriptLib/iScriptLib_Roaming/ISC_DupRAPRecords.isc
$PATCH_HOME/iScriptLib/iScriptLib_Roaming/ISC_UpdateTapInfo_Tapin.isc
$PATCH_HOME/iScriptLib/iScriptLib_Roaming/ISC_RAP_0105_InMap.isc
$PATCH_HOME/iScriptLib/iScriptLib_Roaming/ISC_TAP_0312_Include.isc
$PATCH_HOME/iScriptLib/iScriptLib_Roaming/StopRapInfo_InMap.dsc
$PATCH_HOME/iScriptLib/iScriptLib_Tap3Validation/PLMNOList.dat
$PATCH_HOME/mastercopy/sys/cm/samplepin.conf
$PATCH_HOME/mastercopy/sys/dm_timos/sampletimos.reg
$PATCH_HOME/mastercopy/sys/dm_oracle/samplepin.conf
$PATCH_HOME/mastercopy/conf/sampleflist.reg
$PATCH_HOME/lib/libBAS64.so
$PATCH_HOME/lib/libNetworkHelper64.so
$PATCH_HOME/lib/libFCT_Filter_Set64.so
$PATCH_HOME/lib/libNET_EM64.so
$PATCH_HOME/lib/libFCT_BatchSuspense64.so
$PATCH_HOME/lib/libFCT_SegRateNoCust64.so
$PATCH_HOME/lib/portal_op_flds.dat
$PATCH_HOME/lib/libFCT_AccountLPRouter64.so
$PATCH_HOME/lib/libResourcePriceValidation64.so
$PATCH_HOME/lib/libEXT_FList64.so
$PATCH_HOME/lib/libDAT_Calendar64.so
$PATCH_HOME/lib/libOUT_GenericStream64.so
$PATCH_HOME/lib/libEXT_InSocketMgrFlist64.so
$PATCH_HOME/lib/libFCT_Opcode64.so
$PATCH_HOME/lib/libFCT_IRules64.so
$PATCH_HOME/lib/libFCT_RateAdjust64.so
$PATCH_HOME/lib/libEXT_OutSocketManager64.so
$PATCH_HOME/lib/libagent_pp64.so
$PATCH_HOME/lib/libDAT_InterConnect64.so
$PATCH_HOME/lib/libFRM64.so
$PATCH_HOME/lib/libDAT_Recycle64.so
$PATCH_HOME/lib/libEXT_AsnTree64.so
$PATCH_HOME/lib/libportal64.so
$PATCH_HOME/lib/libOMF64.so
$PATCH_HOME/lib/libFCT_CancelTimer64.so
$PATCH_HOME/lib/libSTR64.so
$PATCH_HOME/lib/libBAS_crypt64.so
$PATCH_HOME/lib/libDAT_Currency64.so
$PATCH_HOME/lib/libCTL64.so
$PATCH_HOME/lib/libFCT_GlobalRating64.so
$PATCH_HOME/lib/libFCT_Zone64.so
$PATCH_HOME/lib/libIXT_PCM64.so
$PATCH_HOME/lib/libFlistSimulatorPlugin64.so
$PATCH_HOME/lib/libFCT_CarrierIcRating64.so
$PATCH_HOME/lib/libFCT_ServiceCodeMap64.so
$PATCH_HOME/lib/libagentx_pp64.so
$PATCH_HOME/lib/libGLIDPriceValidation64.so
$PATCH_HOME/lib/libEXT_Opcode64.so
$PATCH_HOME/lib/libDAT_TimeModel64.so
$PATCH_HOME/lib/libpin_crypt_aes64.so
$PATCH_HOME/lib/libFCT_CliMapping64.so
$PATCH_HOME/lib/libIXT_PipelineBal64.so
$PATCH_HOME/lib/libFCT_Reject64.so
$PATCH_HOME/lib/libDAT_AccountBatch64.so
$PATCH_HOME/lib/libDAT_Discount64.so
$PATCH_HOME/lib/libEXT_InSocketMgrDiameter64.so
$PATCH_HOME/lib/libFCT_UoM_Map64.so
$PATCH_HOME/lib/libFCT_Account64.so
$PATCH_HOME/lib/libace64.so
$PATCH_HOME/lib/libFCT_Recycle64.so
$PATCH_HOME/lib/libFCT_Discount64.so
$PATCH_HOME/lib/libpcmcpp6764.so
$PATCH_HOME/lib/libpcmext64.so
$PATCH_HOME/lib/libexpat64.so
$PATCH_HOME/lib/libOUT_Serialize64.so
$PATCH_HOME/lib/libINP_Queue64.so
$PATCH_HOME/lib/libFCT_SegZoneNoCust64.so
$PATCH_HOME/lib/libIXT_ProfileLabel64.so
$PATCH_HOME/lib/libDAT_Dayrate64.so
$PATCH_HOME/lib/libFCT_EdrDump64.so
$PATCH_HOME/lib/libEventMsg64.so
$PATCH_HOME/lib/libDAT_Zone64.so
$PATCH_HOME/lib/libFCT_FirstUsageNotify64.so
$PATCH_HOME/lib/libSCR64.so
$PATCH_HOME/lib/libFCT_MainZoning64.so
$PATCH_HOME/lib/libFCT_Tadig2Plmn64.so
$PATCH_HOME/lib/libFCT_ApplyBalance64.so
$PATCH_HOME/lib/libDAT_PortalConfig64.so
$PATCH_HOME/lib/libDAT_DiameterConnectionManager64.so
$PATCH_HOME/lib/libDAT_PriceModel64.so
$PATCH_HOME/lib/libDAT_ItemAssign64.so
$PATCH_HOME/lib/libDAT_DiscountExt64.so
$PATCH_HOME/lib/libDBC64.so
$PATCH_HOME/lib/config.jar
$PATCH_HOME/lib/libDAT_ModelSelector64.so
$PATCH_HOME/lib/libFCT_APN_Map64.so
$PATCH_HOME/lib/libRatePlanValidation64.so
$PATCH_HOME/lib/libFCT_AggreGate64.so
$PATCH_HOME/lib/libFCT_Dayrate64.so
$PATCH_HOME/lib/libFCT_PrefixDesc64.so
$PATCH_HOME/lib/libTAM64.so
$PATCH_HOME/lib/libOBS64.so
$PATCH_HOME/lib/libFCT_Discard64.so
$PATCH_HOME/lib/libOUT_Reject64.so
$PATCH_HOME/lib/libMBISimulatorPlugin64.so
$PATCH_HOME/lib/libFCT_SocialNo64.so
$PATCH_HOME/lib/libEVT64.so
$PATCH_HOME/lib/libOUT_Queue64.so
$PATCH_HOME/lib/libEXT_Converter64.so
$PATCH_HOME/lib/libDAT_ExchangeRate64.so
$PATCH_HOME/lib/libEDR64.so
$PATCH_HOME/lib/libIXT_Db64.so
$PATCH_HOME/lib/libIXT_OpFlag64.so
$PATCH_HOME/lib/libSHM64.so
$PATCH_HOME/lib/libDAT_NumberPortability64.so
$PATCH_HOME/lib/libWEB64.so
$PATCH_HOME/lib/libFCT_AccountRouter64.so
$PATCH_HOME/lib/libIXT_ConnectionMonitorExt64.so
$PATCH_HOME/lib/libpcmcpp6064.so
$PATCH_HOME/lib/libEXT_InEasyDB64.so
$PATCH_HOME/lib/libINP_Recycle64.so
$PATCH_HOME/lib/libINP_GenericStream64.so
$PATCH_HOME/lib/libFCT_MainRating64.so
$PATCH_HOME/lib/libDiscountAndSponsorValidation64.so
$PATCH_HOME/lib/libDAT_BalanceRealtime64.so
$PATCH_HOME/lib/libIXT_Era64.so
$PATCH_HOME/lib/libEXT_PipelineDispatcher64.so
$PATCH_HOME/lib/libFCT_USC_Map64.so
$PATCH_HOME/lib/libFCT_UsageClassMap64.so
$PATCH_HOME/lib/libFCT_EnhancedSplitting64.so
$PATCH_HOME/lib/libIFW64.so
$PATCH_HOME/lib/libDAT_ResubmitBatch64.so
$PATCH_HOME/lib/libFCT_NumberPortability64.so
$PATCH_HOME/lib/libDAT_AccountRealtime64.so
$PATCH_HOME/lib/libFCT_RSC_Map64.so
$PATCH_HOME/lib/libFCT_CreditLimitCheck64.so
$PATCH_HOME/lib/libFCT_Suspense64.so
$PATCH_HOME/lib/libIXT_Correlation64.so
$PATCH_HOME/lib/libFCT_Splitting64.so
$PATCH_HOME/lib/libEXT_InSocketMgrMbi64.so
$PATCH_HOME/lib/libOracleQueue64.so
$PATCH_HOME/lib/libDAT_BalanceBatch64.so
$PATCH_HOME/lib/libFCT_CallAssembling64.so
$PATCH_HOME/lib/libOUT_Realtime64.so
$PATCH_HOME/lib/libEXT_OutFileManager64.so
$PATCH_HOME/lib/libFCT_CustomerRating64.so
$PATCH_HOME/lib/libFCT_NOSP64.so
$PATCH_HOME/lib/libDAT_USC_Map64.so
$PATCH_HOME/lib/libINP_Restore64.so
$PATCH_HOME/lib/libFCT_PreSuspense64.so
$PATCH_HOME/lib/libPBC64.so
$PATCH_HOME/lib/libFCT_DroppedCall64.so
$PATCH_HOME/lib/libEXT_InFileManager64.so
$PATCH_HOME/lib/libFCT_EventOrder64.so
$PATCH_HOME/lib/libFCT_CiberOcc64.so
$PATCH_HOME/lib/libDBL64.so
$PATCH_HOME/lib/libIXT_PortalConfig64.so
$PATCH_HOME/lib/libEdrDumpParser64.so
$PATCH_HOME/lib/libFCT_DataDump64.so
$PATCH_HOME/lib/libFilterSetPriceValidation64.so
$PATCH_HOME/lib/libsnmp_pp64.so
$PATCH_HOME/lib/libFCT_TriggerBill64.so
$PATCH_HOME/lib/libPLG_Base64.so
$PATCH_HOME/lib/libFCT_Timer64.so
$PATCH_HOME/lib/libSTR_Base64.so
$PATCH_HOME/lib/libFCT_PreRating64.so
$PATCH_HOME/lib/libDAT_NOSP64.so
$PATCH_HOME/lib/libFCT_IScript64.so
$PATCH_HOME/lib/libDAT_PrefixDesc64.so
$PATCH_HOME/lib/libGDD64.so
$PATCH_HOME/lib/libFCT_ExchangeRate64.so
$PATCH_HOME/lib/libFCT_PreRecycle64.so
$PATCH_HOME/lib/libRTPXmlValidation64.so
$PATCH_HOME/lib/libFCT_DuplicateCheck64.so
$PATCH_HOME/lib/libDAT_Listener64.so
$PATCH_HOME/lib/libxalan-c64.so
$PATCH_HOME/lib/libFCT_DiscountAnalysis64.so
$PATCH_HOME/lib/libCSH64.so
$PATCH_HOME/lib/libDAT_Tadig2Plmn64.so
$PATCH_HOME/lib/libDAT_ScenarioReader64.so
$PATCH_HOME/lib/libDAT_Correlation64.so
$PATCH_HOME/lib/libPLG64.so
$PATCH_HOME/lib/libDAT_ConnectionPool64.so
$PATCH_HOME/lib/libFCT_BillingRecord64.so
$PATCH_HOME/lib/libFCT_ItemAssign64.so
$PATCH_HOME/lib/libOUT_DB64.so
$PATCH_HOME/lib/libOUT_DevNull64.so
$PATCH_HOME/lib/libxalanMsg64.so
$PATCH_HOME/lib/libFCT_Rounding64.so
$PATCH_HOME/lib/libxercesc64.so
$PATCH_HOME/lib/libDAT_Rateplan64.so
$PATCH_HOME/lib/libINP_Realtime64.so
$PATCH_HOME/lib/libLOG64.so
$PATCH_HOME/lib/libINP_EdrDump64.so
$PATCH_HOME/lib/libDAT_ConnectionMonitor64.so
$PATCH_HOME/bin/pin_ctl
$PATCH_HOME/bin/snmpNextAsync
$PATCH_HOME/bin/stop_pre_recycle.pl
$PATCH_HOME/bin/pin_container_to_stream_format
$PATCH_HOME/bin/purge_np_data.pl
$PATCH_HOME/bin/start_RealtimePipelineGPRS.pl
$PATCH_HOME/bin/reload_price.pl
$PATCH_HOME/bin/start_RealtimePipelineGSM.pl
$PATCH_HOME/bin/start_all_rate.pl
$PATCH_HOME/bin/startController
$PATCH_HOME/bin/ifw_eventhandler64
$PATCH_HOME/bin/pin_repackage.sh
$PATCH_HOME/bin/snmpTraps
$PATCH_HOME/bin/pin_mib_generator
$PATCH_HOME/bin/snmpInform
$PATCH_HOME/bin/yumFront
$PATCH_HOME/bin/pin_ctl.conf
$PATCH_HOME/bin/off_queue_buffer.pl
$PATCH_HOME/bin/move_incollect_roam.pl
$PATCH_HOME/bin/postInstall
$PATCH_HOME/bin/stop_RealtimePipelineGSM.pl
$PATCH_HOME/bin/start_main_stop_rerating.pl
$PATCH_HOME/bin/master_agent
$PATCH_HOME/bin/dump_portal_act_data.pl
$PATCH_HOME/bin/iencrypt
$PATCH_HOME/bin/splitSol42.sh
$PATCH_HOME/bin/set_dup_check_limit.pl
$PATCH_HOME/bin/set_call_ass_limit.pl
$PATCH_HOME/bin/start_pre_recycle.pl
$PATCH_HOME/bin/start_RealtimePipelineZone.pl
$PATCH_HOME/bin/cfgfile_gen.pl
$PATCH_HOME/bin/start_rerating_stop_main.pl
$PATCH_HOME/bin/NRTRDEReportGen64
$PATCH_HOME/bin/LoadIfwConfig
$PATCH_HOME/bin/move_outcollectTap.pl
$PATCH_HOME/bin/startAgent
$PATCH_HOME/bin/start_recycle.pl
$PATCH_HOME/bin/snmpGet
$PATCH_HOME/bin/stopController
$PATCH_HOME/bin/StopRapGen64
$PATCH_HOME/bin/move_TapSent.pl
$PATCH_HOME/bin/snmpDiscover
$PATCH_HOME/bin/start_all_pipeline.pl
$PATCH_HOME/bin/snmpSet
$PATCH_HOME/bin/pin_in_simulator
$PATCH_HOME/bin/stop_pre_process.pl
$PATCH_HOME/bin/DMTDscntMig
$PATCH_HOME/bin/reload_portal_act_data.pl
$PATCH_HOME/bin/stop_RealtimePipelineGPRS.pl
$PATCH_HOME/bin/PriceValidationTool
$PATCH_HOME/bin/snmpPasswd
$PATCH_HOME/bin/stopAgent
$PATCH_HOME/bin/ifw
$PATCH_HOME/bin/supportInformer.pl
$PATCH_HOME/bin/reload_zone.pl
$PATCH_HOME/bin/pin_crypt_app
$PATCH_HOME/bin/idecrypt
$PATCH_HOME/bin/start_DiscountPipeline.pl
$PATCH_HOME/bin/start_pre_process.pl
$PATCH_HOME/bin/stop_RealtimePipelineZone.pl
$PATCH_HOME/bin/stop_DiscountPipeline.pl
$PATCH_HOME/bin/stop_all_rate.pl
$PATCH_HOME/bin/dbLoader
$PATCH_HOME/bin/pcc.pl
$PATCH_HOME/bin/snmpBulk
$PATCH_HOME/bin/ifw_eventhandler
$PATCH_HOME/bin/stop_all_pipeline.pl
$PATCH_HOME/bin/RoamingConfigGen64
$PATCH_HOME/bin/showBinaryLog
$PATCH_HOME/bin/snmpWalk
$PATCH_HOME/bin/snmpNext
$PATCH_HOME/bin/snmpWalkThreads
$PATCH_HOME/formatDesc/Formats/CIBER/CIBER_v25_RetOutGrammar.dsc
$PATCH_HOME/formatDesc/Formats/TAP3/RAP_v01_InGrammar.dsc
$PATCH_HOME/formatDesc/Formats/TAP3/TAP3_v10_InGrammar.dsc
$PATCH_HOME/formatDesc/Formats/TAP3/TAP3_v04_InGrammar.dsc
$PATCH_HOME/formatDesc/Formats/TAP3/TAP3_v01_OutGrammar.dsc
$PATCH_HOME/formatDesc/Formats/TAP3/TAP3_v10_Blocks.dsc
$PATCH_HOME/formatDesc/Formats/TAP3/RAP_v01_OutGrammar.dsc
$PATCH_HOME/formatDesc/Formats/TAP3/NRTRDE2_v01_OutGrammar.dsc
$PATCH_HOME/formatDesc/Formats/TAP3/TAP3_v04_OutGrammar.dsc
$PATCH_HOME/formatDesc/Formats/TAP3/RAP_v01_FatalReturn.dsc
$PATCH_HOME/formatDesc/Formats/TAP3/TAP3_v10_OutGrammar.dsc
$PATCH_HOME/formatDesc/Formats/FirstUsageNotify/FirstUsageResources.xml
$PATCH_HOME/formatDesc/Formats/FirstUsageNotify/FirstUsageProductsDiscounts.xml
$PATCH_HOME/formatDesc/Formats/Solution42/SOL42_V670_REL_OutGrammar_BACKOUT.dsc
$PATCH_HOME/formatDesc/Formats/Solution42/SOL42_V670_REL_OutGrammar.dsc
$PATCH_HOME/formatDesc/Formats/Solution42/V670_EVENT_LOADER_OutMap.dsc
$PATCH_HOME/formatDesc/Formats/Solution42/SOL42_V670_REL_InGrammar.dsc
$PATCH_HOME/formatDesc/Formats/Solution42/SOL42_V670_REL_InGrammar_BACKOUT.dsc
$PATCH_HOME/formatDesc/Formats/Solution42/V670_EVENT_LOADER.dsc
$PATCH_HOME/formatDesc/Formats/Solution42/SOL42_V670_REL.dsc
$PATCH_HOME/formatDesc/Formats/Solution42/SOL42_V670_REL_InMap.dsc
$PATCH_HOME/formatDesc/Formats/Solution42/V670_EVENT_LOADER_OutGrammar.dsc
$PATCH_HOME/formatDesc/Formats/Solution42/SOL42_V670_REL_FORINPUT.dsc
$PATCH_HOME/formatDesc/Formats/Solution42/SOL42_V670_REL_OutMap.dsc
$PATCH_HOME/formatDesc/Formats/Realtime/rate_event.xml
$PATCH_HOME/formatDesc/Formats/MBI/MBI_v1_InGrammar.dsc
$PATCH_HOME/formatDesc/Formats/TAP3-NG/StopRapInfo_InGrammar.dsc
$PATCH_HOME/formatDesc/Formats/TAP3-NG/StopRapInfo.dsc
$PATCH_HOME/formatDesc/Formats/TAP3-NG/TAP_0312_Blocks.dsc
$PATCH_HOME/formatDesc/Formats/TAP3-NG/RAP_0105_FatalReturn.dsc
$PATCH_HOME/formatDesc/Formats/TAP3-NG/TAP_0311_InGrammar.dsc
$PATCH_HOME/formatDesc/Formats/TAP3-NG/RAP_0104_FatalReturn.dsc
$PATCH_HOME/formatDesc/Formats/TAP3-NG/RAP_0105_MissingReturn.dsc
$PATCH_HOME/formatDesc/Formats/TAP3-NG/TAP_0312_OutGrammar.dsc
$PATCH_HOME/formatDesc/Formats/TAP3-NG/RAP_0105_InGrammar.dsc
$PATCH_HOME/formatDesc/Formats/TAP3-NG/RAP_0105_StopReturn.dsc
$PATCH_HOME/formatDesc/Formats/TAP3-NG/containerDesc.dsc
$PATCH_HOME/formatDesc/Formats/TAP3-NG/RAP_0105_OutGrammar.dsc
$PATCH_HOME/formatDesc/Formats/TAP3-NG/TAP_0312_InGrammar.dsc
$PATCH_HOME/formatDesc/Formats/TAP3-NG/RAP_0105_AckOutGrammar.dsc
$PATCH_HOME/formatDesc/Formats/TAP3-NG/TAP_0311_Blocks.dsc
$PATCH_HOME/formatDesc/Formats/TAP3-NG/RAP_0105_Blocks.dsc
$PATCH_HOME/formatDesc/Formats/TAP3-NG/RAP_0103_FatalReturn.dsc
$PATCH_HOME/formatDesc/Portal/containerDesc.dsc
$PATCH_HOME/etc/OUT_GenericStream_Error.msg
$PATCH_HOME/etc/FCT_UoM_Map_Error.msg
$PATCH_HOME/etc/FCT_PreSuspense_Error.msg
$PATCH_HOME/etc/FCT_Splitting_Error.msg
$PATCH_HOME/etc/DAT_ConnectionMonitor_Error.msg
$PATCH_HOME/etc/DAT_Listener.msg
$PATCH_HOME/etc/DAT_BalanceBatch.msg
$PATCH_HOME/etc/FCT_IRules_Error.msg
$PATCH_HOME/etc/FCT_EnhancedSplitting_Error.msg
$PATCH_HOME/etc/FCT_CliMapping_Error.msg
$PATCH_HOME/etc/FCT_MainRating_Error.msg
$PATCH_HOME/etc/EXT_InEasyDB_ERROR.msg
$PATCH_HOME/etc/FCT_APN_Map_Error.msg
$PATCH_HOME/etc/INP_EdrDump_Error.msg
$PATCH_HOME/etc/FCT_RateAdjust_Error.msg
$PATCH_HOME/etc/FCT_BillingRecord_Error.msg
$PATCH_HOME/etc/Framework.msg
$PATCH_HOME/etc/DAT_AccountBatch.msg
$PATCH_HOME/etc/FCT_USC_Map_Error.msg
$PATCH_HOME/etc/DAT_ConnectionPool_Error.msg
$PATCH_HOME/etc/FCT_IScriptPlugIn_Error.msg
$PATCH_HOME/etc/DAT_ConnectionManager_Error.msg
$PATCH_HOME/etc/FCT_Discount_Error.msg
$PATCH_HOME/etc/FCT_ServiceCodeMap_Error.msg
$PATCH_HOME/etc/FCT_UsageClassMap_Error.msg
$PATCH_HOME/samples/simple/simple.readme
$PATCH_HOME/samples/simple/simple.reg
$PATCH_HOME/tools/gen_cust_rpmspec.pl
$PATCH_HOME/tools/portal_rpmrc
$PATCH_HOME/tools/StateConfigTool/stateconfigtool.jar
$PATCH_HOME/tools/StateConfigTool/state.config
$PATCH_HOME/tools/StateConfigTool/stateconfigtool
$PATCH_HOME/tools/DMTDiscntMig/sample.reg
$PATCH_HOME/tools/ContainerDesc/containerDescLoader.pl
$PATCH_HOME/tools/IRules2Db/irules2db.pl
$PATCH_HOME/tools/IRules2Db/db2irules.pl
$PATCH_HOME/tools/XmlLoader/LoadIfwConfig.xsd
$PATCH_HOME/tools/ServiceTypeReport/serviceTypeReport.pl
$PATCH_HOME/setup/pin_setup
$PATCH_HOME/setup/functions.pm
$PATCH_HOME/setup/Steps/Setup/06regsetupRerating
$PATCH_HOME/setup/Steps/Setup/40xmlconfig
$PATCH_HOME/setup/Steps/Setup/08genTestReg.pl
$PATCH_HOME/setup/Steps/Setup/04regsetup
$PATCH_HOME/setup/Steps/Setup/01copypipelinefiles
$PATCH_HOME/setup/Steps/Setup/02source.pl
$PATCH_HOME/setup/Steps/Setup/07realtimeRegSetup
$PATCH_HOME/setup/Steps/Oracle/32DBLoad
$PATCH_HOME/setup/Steps/Oracle/12insertpasswd
$PATCH_HOME/setup/Steps/Oracle/24jsacreate
$PATCH_HOME/setup/Steps/Oracle/20dbcreate
$PATCH_HOME/setup/Steps/Oracle/28pipelinecreate
$PATCH_HOME/setup/Steps/Oracle/16dbinit
$PATCH_HOME/semaphore/stop_all_pipeline.reg
$PATCH_HOME/semaphore/off_queue_buffer.reg
$PATCH_HOME/database/Oracle/Scripts/update_v4-04-00_v4-04-01.sql
$PATCH_HOME/database/Oracle/Scripts/update_v4-05-01_v4-10-01_Prepare.sql
$PATCH_HOME/database/Oracle/Scripts/ifw_Create.sql
$PATCH_HOME/database/Oracle/Scripts/RevenueAssurance_Scenarios_IFW_AGGREGATION.sql
$PATCH_HOME/database/Oracle/Scripts/update_v4-10-04_v4-30-01_CreateCopy.sql
$PATCH_HOME/database/Oracle/Scripts/update_v4-05-01_v4-10-01.sql
$PATCH_HOME/database/Oracle/Scripts/JSA_Synonyms.sql
$PATCH_HOME/database/Oracle/Scripts/update_v4-30-11_v4-30-12.sql
$PATCH_HOME/database/Oracle/Scripts/update_v6.7.5_v6.7.6.sql
$PATCH_HOME/database/Oracle/Scripts/update_v4-30-06_v4-30-07.sql
$PATCH_HOME/database/Oracle/Scripts/update_v6.7.4_v6.7.5.sql
$PATCH_HOME/database/Oracle/Scripts/JSA_Tablespaces.sql
$PATCH_HOME/database/Oracle/Scripts/update_v6.3.2_v6.3.3.sql
$PATCH_HOME/database/Oracle/Scripts/update_v7.0.1_v7.0.2.sql
$PATCH_HOME/database/Oracle/Scripts/update_v4-05-01_v4-10-01_Constraints.sql
$PATCH_HOME/database/Oracle/Scripts/update_v6.5.3_v6.5.4.sql
$PATCH_HOME/database/Oracle/Scripts/RevenueAssurance_Scenarios_IFW_EDRC_FIELD.sql
$PATCH_HOME/database/Oracle/Scripts/update_v4-30-09_v4-30-10.sql
$PATCH_HOME/database/Oracle/Scripts/RevenueAssurance_Scenarios.sql
$PATCH_HOME/database/Oracle/Scripts/update_v4-10-04_v4-30-01_DropSynonyms.sql
$PATCH_HOME/database/Oracle/Scripts/update_v4-05-01_v4-10-01_Copy.sql
$PATCH_HOME/database/Oracle/Scripts/update_v6.5.1_v6.5.2.sql
$PATCH_HOME/database/Oracle/Scripts/update_v4-30-07_v4-30-08.sql
$PATCH_HOME/database/Oracle/Scripts/update_v6.7.7_v6.7.8.sql
$PATCH_HOME/database/Oracle/Scripts/update_v4-30-08_v4-30-09.sql
$PATCH_HOME/database/Oracle/Scripts/update_v4-30-05_v4-30-06.sql
$PATCH_HOME/database/Oracle/Scripts/SMS_Interworking_Scenario.sql
$PATCH_HOME/database/Oracle/Scripts/update_v4-05-01_v4-10-01_Synonyms.sql
$PATCH_HOME/database/Oracle/Scripts/update_v4-10-01_v4-10-02.sql
$PATCH_HOME/database/Oracle/Scripts/update_v4-30-00_v4-30-01.sql
$PATCH_HOME/database/Oracle/Scripts/update_v6.7.3_v6.7.4.sql
$PATCH_HOME/database/Oracle/Scripts/update_v4-03-00_v4-03-01.sql
$PATCH_HOME/database/Oracle/Scripts/update_v4-01-00_v4-03-00.sql
$PATCH_HOME/database/Oracle/Scripts/JSA_Create.sql
$PATCH_HOME/database/Oracle/Scripts/update_v4-30-01_v4-30-02.sql
$PATCH_HOME/database/Oracle/Scripts/StopRap_Table.sql
$PATCH_HOME/database/Oracle/Scripts/update_v6.3.4_v6.5.1.sql
$PATCH_HOME/database/Oracle/Scripts/update_v4-05-01_v4-10-01_Drop_tmp.sql
$PATCH_HOME/database/Oracle/Scripts/update_v4-05-01_v4-10-01_Create.sql
$PATCH_HOME/database/Oracle/Scripts/update_v4-30-12_v6.3.2.sql
$PATCH_HOME/database/Oracle/Scripts/update_v4-03-01_v4-03-02.sql
$PATCH_HOME/database/Oracle/Scripts/update_v6.7.2_v6.7.3.sql
$PATCH_HOME/database/Oracle/Scripts/update_v4-04-02_v4-05-00.sql
$PATCH_HOME/database/Oracle/Scripts/ifw_Roles.sql
$PATCH_HOME/database/Oracle/Scripts/update_v4-10-04_v4-30-01_Drop.sql
$PATCH_HOME/database/Oracle/Scripts/update_v4-03-04_v4-04-00.sql
$PATCH_HOME/database/Oracle/Scripts/update_v3-08-00_v4-01-00.sql
$PATCH_HOME/database/Oracle/Scripts/update_v4-30-04_v4-30-05.sql
$PATCH_HOME/database/Oracle/Scripts/update_v4-30-03_v4-30-04.sql
$PATCH_HOME/database/Oracle/Scripts/update_v6.5.2_v6.5.3.sql
$PATCH_HOME/database/Oracle/Scripts/update_v4-30-02_v4-30-03.sql
$PATCH_HOME/database/Oracle/Scripts/update_v6.3.3_v6.3.4.sql
$PATCH_HOME/database/Oracle/Scripts/update_v7.0.8_v7.0.9.sql
$PATCH_HOME/database/Oracle/Scripts/update_v4-03-02_v4-03-03.sql
$PATCH_HOME/database/Oracle/Scripts/RevenueAssurance_Scenarios_IFW_GROUPING.sql
$PATCH_HOME/database/Oracle/Scripts/RevenueAssurance_Scenarios_IFW_EDRC_DESC.sql
$PATCH_HOME/database/Oracle/Scripts/update_v4-30-12_v6.3.2.readme
$PATCH_HOME/database/Oracle/Scripts/update_v4-03-03_v4-03-04.sql
$PATCH_HOME/database/Oracle/Scripts/update_v4-10-04_v4-30-01_AggreGate.sql
$PATCH_HOME/database/Oracle/Scripts/update_v4-04-01_v4-04-02.sql
$PATCH_HOME/database/Oracle/Scripts/update_v6.7.6_v6.7.7.sql
$PATCH_HOME/database/Oracle/Scripts/ifw_Synonyms.sql
$PATCH_HOME/database/Oracle/Scripts/RevenueAssurance_Scenarios_IFW_SCENARIO.sql
$PATCH_HOME/database/Oracle/Scripts/update_v4-05-00_v4-05-01.sql
$PATCH_HOME/database/Oracle/Scripts/update_v4-30-10_v4-30-11.sql
$PATCH_HOME/database/Oracle/Scripts/ifw_Tablespaces.sql
$PATCH_HOME/database/Oracle/Scripts/NRTRDE_Tables.sql
$PATCH_HOME/database/Documentation/ifw.rtf
$PATCH_HOME/war/repository.war
$PATCH_HOME/war/agentUpdate.war
$PATCH_HOME/war/custom.war
$PATCH_HOME/war/policy.war
$PATCH_HOME/war/agent.war
$PATCH_HOME/war/config.war
$PATCH_HOME/instrumentation/portal_omf.xsl
$PATCH_HOME/instrumentation/PORTAL-MIB.txt
$PATCH_HOME/data/in/test_roam.orig
$PATCH_HOME/data/outcollect/nrtrdeout/oprt2/README.txt
$PATCH_HOME/conf/roaming.reg
$PATCH_HOME/conf/wirelessRealtime.reg
$PATCH_HOME/conf/roaming.readme
$PATCH_HOME/conf/mbi.reg
$PATCH_HOME/conf/router.readme
$PATCH_HOME/conf/RoamingPartnerConf.dat
$PATCH_HOME/conf/acc_post_router_schema1_tt.reg
$PATCH_HOME/conf/wireless.reg
$PATCH_HOME/conf/acc_post_router_schema1.reg
$PATCH_HOME/conf/acc_router_.reg
$PATCH_HOME/conf/acc_router_tt_.reg
$PATCH_HOME/conf/rerating.reg
$PATCH_HOME/conf/diameter_charge.reg
$PATCH_HOME/conf/wireless_tt.reg
$PATCH_HOME/conf/pricingdata/Oracle/ifw_pricemodel_step.sql
$PATCH_HOME/conf/pricingdata/Oracle/ifw_discountdetail.sql
$PATCH_HOME/conf/pricingdata/Oracle/ifw_usagescenario_map.sql
$PATCH_HOME/conf/pricingdata/Oracle/ifw_usagetype.sql
$PATCH_HOME/conf/pricingdata/Oracle/ifw_timeinterval.sql
$PATCH_HOME/conf/pricingdata/Oracle/ifw_discarding.sql
$PATCH_HOME/conf/pricingdata/Oracle/ifw_calendar.sql
$PATCH_HOME/conf/pricingdata/Oracle/ifw_glaccount.sql
$PATCH_HOME/conf/pricingdata/Oracle/ifw_discountmdl_ver.sql
$PATCH_HOME/conf/pricingdata/Oracle/ifw_taxcode.sql
$PATCH_HOME/conf/pricingdata/Oracle/ifw_specialdayrate.sql
$PATCH_HOME/conf/pricingdata/Oracle/ifw_usageclass_map.sql
$PATCH_HOME/conf/pricingdata/Oracle/ifw_icproduct_all.sql
$PATCH_HOME/conf/pricingdata/Oracle/ifw_networkoper.sql
$PATCH_HOME/conf/pricingdata/Oracle/ifw_rateplan_ver.sql
$PATCH_HOME/conf/pricingdata/Oracle/ifw_discounttrigger.sql
$PATCH_HOME/conf/pricingdata/Oracle/ifw_pricemodel.sql
$PATCH_HOME/conf/pricingdata/Oracle/ifw_impact_category.sql
$PATCH_HOME/conf/pricingdata/Oracle/ifw_apn_map.sql
$PATCH_HOME/conf/pricingdata/Oracle/ifw_zonemodel.sql
$PATCH_HOME/conf/pricingdata/Oracle/ifw_timemodel.sql
$PATCH_HOME/conf/pricingdata/Oracle/ifw_edrc_desc.sql
$PATCH_HOME/conf/pricingdata/Oracle/ifw_discountrule.sql
$PATCH_HOME/conf/pricingdata/Oracle/ifw_resource.sql
$PATCH_HOME/conf/pricingdata/Oracle/ifw_discountmodel.sql
$PATCH_HOME/conf/pricingdata/Oracle/ifw_discountmaster.sql
$PATCH_HOME/conf/pricingdata/Oracle/ifw_discountcondition.sql
$PATCH_HOME/conf/pricingdata/Oracle/ifw_rsc_group.sql
$PATCH_HOME/conf/pricingdata/Oracle/ifw_rateplan.sql
$PATCH_HOME/conf/pricingdata/Oracle/ifw_map_group.sql
$PATCH_HOME/conf/pricingdata/Oracle/ifw_apn_group.sql
$PATCH_HOME/conf/pricingdata/Oracle/ifw_discountmdl_cnf.sql
$PATCH_HOME/conf/pricingdata/Oracle/ifw_daycode.sql
$PATCH_HOME/conf/pricingdata/Oracle/ifw_splittingtype_all.sql
$PATCH_HOME/conf/pricingdata/Oracle/ifw_usageclass.sql
$PATCH_HOME/conf/pricingdata/Oracle/ifw_taxgroup.sql
$PATCH_HOME/conf/pricingdata/Oracle/ifw_discountbalimpact.sql
$PATCH_HOME/conf/pricingdata/Oracle/ifw_timezone.sql
$PATCH_HOME/conf/pricingdata/Oracle/ifw_tax.sql
$PATCH_HOME/conf/pricingdata/Oracle/ifw_destinationdesc.sql
$PATCH_HOME/conf/pricingdata/Oracle/ifw_discountstep.sql
$PATCH_HOME/conf/pricingdata/Oracle/ifw_holiday.sql
$PATCH_HOME/conf/pricingdata/Oracle/ifw_usc_group.sql
$PATCH_HOME/conf/pricingdata/Oracle/ifw_serviceclass.sql
$PATCH_HOME/conf/pricingdata/Oracle/ifw_specialday_lnk.sql
$PATCH_HOME/conf/pricingdata/Oracle/ifw_timemodel_lnk.sql
$PATCH_HOME/conf/pricingdata/Oracle/ifw_standard_zone.sql
$PATCH_HOME/releaseNotes/RELEASE_NOTES.DAT_Recycle
$PATCH_HOME/releaseNotes/RELEASE_NOTES.FCT_CliMapping
$PATCH_HOME/releaseNotes/RELEASE_NOTES.FCT_PreRating
$PATCH_HOME/releaseNotes/RELEASE_NOTES.DAT_Listener
$PATCH_HOME/releaseNotes/RELEASE_NOTES.FCT_CancelTimer
$PATCH_HOME/releaseNotes/RELEASE_NOTES.DAT_Time
$PATCH_HOME/releaseNotes/RELEASE_NOTES.DAT_DiscountExt
$PATCH_HOME/releaseNotes/RELEASE_NOTES.SBL
$PATCH_HOME/releaseNotes/RELEASE_NOTES.INP_rate_event_xml
$PATCH_HOME/releaseNotes/RELEASE_NOTES.FCT_MainRating
$PATCH_HOME/releaseNotes/RELEASE_NOTES.TAP3
$PATCH_HOME/releaseNotes/RELEASE_NOTES.OUT_GenericStream
$PATCH_HOME/releaseNotes/RELEASE_NOTES.FCT_Dayrate
$PATCH_HOME/releaseNotes/RELEASE_NOTES.FCT_Opcode
$PATCH_HOME/releaseNotes/RELEASE_NOTES.FCT_BillingRecord
$PATCH_HOME/releaseNotes/RELEASE_NOTES.FCT_Discount
$PATCH_HOME/releaseNotes/RELEASE_NOTES.FCT_ServiceCodeMap
$PATCH_HOME/releaseNotes/RELEASE_NOTES.PortalContainerDesc
$PATCH_HOME/releaseNotes/RELEASE_NOTES.DAT_AccountRealtime
$PATCH_HOME/releaseNotes/RELEASE_NOTES.DBL
$PATCH_HOME/releaseNotes/RELEASE_NOTES.FCT_Filter_Set
$PATCH_HOME/releaseNotes/RELEASE_NOTES.DAT_Currency
$PATCH_HOME/releaseNotes/RELEASE_NOTES.FCT_GlobalRating
$PATCH_HOME/releaseNotes/RELEASE_NOTES.FCT_PrefixDesc
$PATCH_HOME/releaseNotes/RELEASE_NOTES.FCT_ExchangeRate
$PATCH_HOME/releaseNotes/RELEASE_NOTES.DAT_ModelSelector
$PATCH_HOME/releaseNotes/RELEASE_NOTES.EXT_OutFileManager
$PATCH_HOME/releaseNotes/RELEASE_NOTES.DAT_BalanceBatch
$PATCH_HOME/releaseNotes/RELEASE_NOTES.INP_Recycle
$PATCH_HOME/releaseNotes/RELEASE_NOTES.DAT_PrefixDesc
$PATCH_HOME/releaseNotes/RELEASE_NOTES.FCT_ApplyBalance
$PATCH_HOME/releaseNotes/RELEASE_NOTES.DAT_ConnectionMonitor
$PATCH_HOME/releaseNotes/RELEASE_NOTES.INP_GenericStream
$PATCH_HOME/releaseNotes/RELEASE_NOTES.DAT_Discount
$PATCH_HOME/releaseNotes/RELEASE_NOTES.FCT_SegRateNoCust
$PATCH_HOME/releaseNotes/RELEASE_NOTES.DAT_ExchangeRate
$PATCH_HOME/releaseNotes/RELEASE_NOTES.DAT_ConnectionPool
$PATCH_HOME/releaseNotes/RELEASE_NOTES.INP_Restore
$PATCH_HOME/releaseNotes/RELEASE_NOTES.OUT_Reject
$PATCH_HOME/releaseNotes/RELEASE_NOTES.OUT_DB
$PATCH_HOME/releaseNotes/RELEASE_NOTES.Database
$PATCH_HOME/releaseNotes/RELEASE_NOTES.EXT_InFileManager
$PATCH_HOME/releaseNotes/RELEASE_NOTES.IXT_Era
$PATCH_HOME/releaseNotes/RELEASE_NOTES.FCT_DiscountAnalysis
$PATCH_HOME/releaseNotes/RELEASE_NOTES.EXT_InEasyDB
$PATCH_HOME/releaseNotes/RELEASE_NOTES.FCT_MainZoning
$PATCH_HOME/releaseNotes/RELEASE_NOTES.DAT_Price
$PATCH_HOME/releaseNotes/RELEASE_NOTES.IXT_PipelineBal
$PATCH_HOME/releaseNotes/RELEASE_NOTES.OUT_DevNull
$PATCH_HOME/releaseNotes/RELEASE_NOTES.FCT_ItemAssign
$PATCH_HOME/releaseNotes/RELEASE_NOTES.DAT_Calendar
$PATCH_HOME/releaseNotes/RELEASE_NOTES.FCT_Zone
$PATCH_HOME/releaseNotes/RELEASE_NOTES.DAT_ItemAssign
$PATCH_HOME/releaseNotes/RELEASE_NOTES.FCT_Account
$PATCH_HOME/releaseNotes/RELEASE_NOTES.FCT_PreRecycle
$PATCH_HOME/releaseNotes/RELEASE_NOTES.FCT_IScript
$PATCH_HOME/releaseNotes/RELEASE_NOTES.XMLLOADER
$PATCH_HOME/releaseNotes/RELEASE_NOTES.FCT_Recycle
$PATCH_HOME/releaseNotes/RELEASE_NOTES.FCT_Suspense
$PATCH_HOME/releaseNotes/RELEASE_NOTES.FCT_SocialNo
$PATCH_HOME/releaseNotes/RELEASE_NOTES.ISL_Roaming
$PATCH_HOME/releaseNotes/RELEASE_NOTES.FCT_CustomerRating
$PATCH_HOME/releaseNotes/RELEASE_NOTES.EET
$PATCH_HOME/releaseNotes/RELEASE_NOTES.FCT_CreditLimitCheck
$PATCH_HOME/releaseNotes/RELEASE_NOTES.DAT_PortalConfig
$PATCH_HOME/releaseNotes/RELEASE_NOTES.DAT_Zone
$PATCH_HOME/releaseNotes/RELEASE_NOTES.DAT_AccountBatch
$PATCH_HOME/releaseNotes/RELEASE_NOTES.FCT_NumberPortability
$PATCH_HOME/releaseNotes/RELEASE_NOTES.FCT_Timer
$PATCH_HOME/releaseNotes/RELEASE_NOTES.FCT_TriggerBill
$PATCH_HOME/releaseNotes/RELEASE_NOTES.DAT_Rateplan
$PATCH_HOME/releaseNotes/RELEASE_NOTES.ifw
$PATCH_HOME/releaseNotes/RELEASE_NOTES.DAT_InterConnect
$PATCH_HOME/releaseNotes/RELEASE_NOTES.ISL_Tax
$PATCH_HOME/releaseNotes/RELEASE_NOTES.FCT_Splitting
$PATCH_HOME/releaseNotes/RELEASE_NOTES.Solution42
$PATCH_HOME/releaseNotes/RELEASE_NOTES.INP_EdrDump
$PATCH_HOME/releaseNotes/RELEASE_NOTES.OUT_Serialize
$PATCH_HOME/releaseNotes/RELEASE_NOTES.INP_Realtime
$PATCH_HOME/query/sampleInfo.csv
$PATCH_HOME/query/sampleconnections.csv
---------------------------------------------
# The following files will not be installed
# because the latest version exists in the 
# system 
---------------------------------------------
iScriptLib/iScriptLib_Standard/ISC_ProfileAnalyzer.isc
iScriptLib/iScriptLib_Standard/ISC_ObjectCacheTypeOutputSplitter.isc
iScriptLib/iScriptLib_Suspense/ISC_Migration.isc
formatDesc/Formats/FirstUsageNotify/FirstUsageResources.xml
formatDesc/Formats/FirstUsageNotify/FirstUsageProductsDiscounts.xml
etc/OUT_GenericStream_Error.msg
etc/FCT_UoM_Map_Error.msg
etc/FCT_PreSuspense_Error.msg
etc/FCT_Splitting_Error.msg
etc/FCT_IRules_Error.msg
etc/FCT_EnhancedSplitting_Error.msg
etc/FCT_CliMapping_Error.msg
etc/FCT_MainRating_Error.msg
etc/FCT_APN_Map_Error.msg
etc/INP_EdrDump_Error.msg
etc/FCT_RateAdjust_Error.msg
etc/FCT_USC_Map_Error.msg
etc/FCT_IScriptPlugIn_Error.msg
etc/FCT_ServiceCodeMap_Error.msg
etc/FCT_UsageClassMap_Error.msg
samples/simple/simple.readme
samples/simple/simple.reg
tools/StateConfigTool/state.config
tools/StateConfigTool/stateconfigtool
tools/DMTDiscntMig/sample.reg
tools/ContainerDesc/containerDescLoader.pl
tools/IRules2Db/irules2db.pl
tools/IRules2Db/db2irules.pl
semaphore/stop_all_pipeline.reg
semaphore/off_queue_buffer.reg
database/Oracle/Scripts/update_v4-04-00_v4-04-01.sql
database/Oracle/Scripts/update_v4-05-01_v4-10-01_Prepare.sql
database/Oracle/Scripts/RevenueAssurance_Scenarios_IFW_AGGREGATION.sql
database/Oracle/Scripts/update_v4-10-04_v4-30-01_CreateCopy.sql
database/Oracle/Scripts/update_v4-05-01_v4-10-01.sql
database/Oracle/Scripts/JSA_Synonyms.sql
database/Oracle/Scripts/update_v4-30-11_v4-30-12.sql
database/Oracle/Scripts/update_v6.7.5_v6.7.6.sql
database/Oracle/Scripts/update_v4-30-06_v4-30-07.sql
database/Oracle/Scripts/update_v6.7.4_v6.7.5.sql
database/Oracle/Scripts/JSA_Tablespaces.sql
database/Oracle/Scripts/update_v6.3.2_v6.3.3.sql
database/Oracle/Scripts/update_v7.0.1_v7.0.2.sql
database/Oracle/Scripts/update_v4-05-01_v4-10-01_Constraints.sql
database/Oracle/Scripts/update_v6.5.3_v6.5.4.sql
database/Oracle/Scripts/RevenueAssurance_Scenarios_IFW_EDRC_FIELD.sql
database/Oracle/Scripts/update_v4-30-09_v4-30-10.sql
database/Oracle/Scripts/RevenueAssurance_Scenarios.sql
database/Oracle/Scripts/update_v4-10-04_v4-30-01_DropSynonyms.sql
database/Oracle/Scripts/update_v4-05-01_v4-10-01_Copy.sql
database/Oracle/Scripts/update_v6.5.1_v6.5.2.sql
database/Oracle/Scripts/update_v4-30-07_v4-30-08.sql
database/Oracle/Scripts/update_v6.7.7_v6.7.8.sql
database/Oracle/Scripts/update_v4-30-08_v4-30-09.sql
database/Oracle/Scripts/update_v4-30-05_v4-30-06.sql
database/Oracle/Scripts/SMS_Interworking_Scenario.sql
database/Oracle/Scripts/update_v4-05-01_v4-10-01_Synonyms.sql
database/Oracle/Scripts/update_v4-10-01_v4-10-02.sql
database/Oracle/Scripts/update_v4-30-00_v4-30-01.sql
database/Oracle/Scripts/update_v6.7.3_v6.7.4.sql
database/Oracle/Scripts/update_v4-03-00_v4-03-01.sql
database/Oracle/Scripts/update_v4-01-00_v4-03-00.sql
database/Oracle/Scripts/JSA_Create.sql
database/Oracle/Scripts/update_v4-30-01_v4-30-02.sql
database/Oracle/Scripts/update_v6.3.4_v6.5.1.sql
database/Oracle/Scripts/update_v4-05-01_v4-10-01_Drop_tmp.sql
database/Oracle/Scripts/update_v4-05-01_v4-10-01_Create.sql
database/Oracle/Scripts/update_v4-30-12_v6.3.2.sql
database/Oracle/Scripts/update_v4-03-01_v4-03-02.sql
database/Oracle/Scripts/update_v6.7.2_v6.7.3.sql
database/Oracle/Scripts/update_v4-04-02_v4-05-00.sql
database/Oracle/Scripts/ifw_Roles.sql
database/Oracle/Scripts/update_v4-10-04_v4-30-01_Drop.sql
database/Oracle/Scripts/update_v4-03-04_v4-04-00.sql
database/Oracle/Scripts/update_v3-08-00_v4-01-00.sql
database/Oracle/Scripts/update_v4-30-04_v4-30-05.sql
database/Oracle/Scripts/update_v4-30-03_v4-30-04.sql
database/Oracle/Scripts/update_v6.5.2_v6.5.3.sql
database/Oracle/Scripts/update_v4-30-02_v4-30-03.sql
database/Oracle/Scripts/update_v6.3.3_v6.3.4.sql
database/Oracle/Scripts/update_v7.0.8_v7.0.9.sql
database/Oracle/Scripts/update_v4-03-02_v4-03-03.sql
database/Oracle/Scripts/RevenueAssurance_Scenarios_IFW_GROUPING.sql
database/Oracle/Scripts/RevenueAssurance_Scenarios_IFW_EDRC_DESC.sql
database/Oracle/Scripts/update_v4-30-12_v6.3.2.readme
database/Oracle/Scripts/update_v4-03-03_v4-03-04.sql
database/Oracle/Scripts/update_v4-10-04_v4-30-01_AggreGate.sql
database/Oracle/Scripts/update_v4-04-01_v4-04-02.sql
database/Oracle/Scripts/update_v6.7.6_v6.7.7.sql
database/Oracle/Scripts/ifw_Synonyms.sql
database/Oracle/Scripts/RevenueAssurance_Scenarios_IFW_SCENARIO.sql
database/Oracle/Scripts/update_v4-05-00_v4-05-01.sql
database/Oracle/Scripts/update_v4-30-10_v4-30-11.sql
database/Oracle/Scripts/ifw_Tablespaces.sql
conf/router.readme
conf/acc_post_router_schema1_tt.reg
conf/acc_post_router_schema1.reg
conf/acc_router_.reg
conf/acc_router_tt_.reg
conf/wireless_tt.reg
conf/pricingdata/Oracle/ifw_pricemodel_step.sql
conf/pricingdata/Oracle/ifw_usagescenario_map.sql
conf/pricingdata/Oracle/ifw_usagetype.sql
conf/pricingdata/Oracle/ifw_timeinterval.sql
conf/pricingdata/Oracle/ifw_discarding.sql
conf/pricingdata/Oracle/ifw_calendar.sql
conf/pricingdata/Oracle/ifw_glaccount.sql
conf/pricingdata/Oracle/ifw_taxcode.sql
conf/pricingdata/Oracle/ifw_specialdayrate.sql
conf/pricingdata/Oracle/ifw_usageclass_map.sql
conf/pricingdata/Oracle/ifw_rateplan_ver.sql
conf/pricingdata/Oracle/ifw_discounttrigger.sql
conf/pricingdata/Oracle/ifw_pricemodel.sql
conf/pricingdata/Oracle/ifw_impact_category.sql
conf/pricingdata/Oracle/ifw_apn_map.sql
conf/pricingdata/Oracle/ifw_zonemodel.sql
conf/pricingdata/Oracle/ifw_timemodel.sql
conf/pricingdata/Oracle/ifw_edrc_desc.sql
conf/pricingdata/Oracle/ifw_resource.sql
conf/pricingdata/Oracle/ifw_discountmodel.sql
conf/pricingdata/Oracle/ifw_discountmaster.sql
conf/pricingdata/Oracle/ifw_rsc_group.sql
conf/pricingdata/Oracle/ifw_rateplan.sql
conf/pricingdata/Oracle/ifw_map_group.sql
conf/pricingdata/Oracle/ifw_apn_group.sql
conf/pricingdata/Oracle/ifw_daycode.sql
conf/pricingdata/Oracle/ifw_usageclass.sql
conf/pricingdata/Oracle/ifw_taxgroup.sql
conf/pricingdata/Oracle/ifw_timezone.sql
conf/pricingdata/Oracle/ifw_tax.sql
conf/pricingdata/Oracle/ifw_destinationdesc.sql
conf/pricingdata/Oracle/ifw_holiday.sql
conf/pricingdata/Oracle/ifw_usc_group.sql
conf/pricingdata/Oracle/ifw_serviceclass.sql
conf/pricingdata/Oracle/ifw_specialday_lnk.sql
conf/pricingdata/Oracle/ifw_timemodel_lnk.sql
conf/pricingdata/Oracle/ifw_standard_zone.sql
releaseNotes/RELEASE_NOTES.FCT_CliMapping
releaseNotes/RELEASE_NOTES.FCT_PreRating
releaseNotes/RELEASE_NOTES.DAT_Time
releaseNotes/RELEASE_NOTES.DAT_DiscountExt
releaseNotes/RELEASE_NOTES.FCT_Dayrate
releaseNotes/RELEASE_NOTES.FCT_ServiceCodeMap
releaseNotes/RELEASE_NOTES.DAT_Currency
releaseNotes/RELEASE_NOTES.FCT_GlobalRating
releaseNotes/RELEASE_NOTES.FCT_PrefixDesc
releaseNotes/RELEASE_NOTES.FCT_ExchangeRate
releaseNotes/RELEASE_NOTES.DAT_PrefixDesc
releaseNotes/RELEASE_NOTES.INP_GenericStream
releaseNotes/RELEASE_NOTES.FCT_SegRateNoCust
releaseNotes/RELEASE_NOTES.DAT_ExchangeRate
releaseNotes/RELEASE_NOTES.DAT_ConnectionPool
releaseNotes/RELEASE_NOTES.OUT_Reject
releaseNotes/RELEASE_NOTES.OUT_DB
releaseNotes/RELEASE_NOTES.EXT_InFileManager
releaseNotes/RELEASE_NOTES.FCT_MainZoning
releaseNotes/RELEASE_NOTES.DAT_Price
releaseNotes/RELEASE_NOTES.IXT_PipelineBal
releaseNotes/RELEASE_NOTES.OUT_DevNull
releaseNotes/RELEASE_NOTES.DAT_Calendar
releaseNotes/RELEASE_NOTES.FCT_Zone
releaseNotes/RELEASE_NOTES.FCT_PreRecycle
releaseNotes/RELEASE_NOTES.FCT_Recycle
releaseNotes/RELEASE_NOTES.FCT_SocialNo
releaseNotes/RELEASE_NOTES.DAT_PortalConfig
releaseNotes/RELEASE_NOTES.DAT_Zone
releaseNotes/RELEASE_NOTES.FCT_NumberPortability
releaseNotes/RELEASE_NOTES.FCT_TriggerBill
releaseNotes/RELEASE_NOTES.FCT_Splitting
releaseNotes/RELEASE_NOTES.INP_EdrDump
---------------------------------------------
# The following files will not be installed
# because the prerequisite product is not
# installed in the system 
---------------------------------------------
bin/RoamingConfigGen64,TAPRoamingmanager
bin/StopRapGen64,TAPRoamingmanager
conf/RoamingPartnerConf.dat,TAPRoamingmanager
database/Oracle/Scripts/StopRap_Table.sql,TAPRoamingmanager
formatDesc/Formats/TAP3-NG/RAP_0105_AckOutGrammar.dsc,TAPRoamingmanager
formatDesc/Formats/TAP3-NG/RAP_0105_Blocks.dsc,TAPRoamingmanager
formatDesc/Formats/TAP3-NG/RAP_0105_FatalReturn.dsc,TAPRoamingmanager
formatDesc/Formats/TAP3-NG/RAP_0105_InGrammar.dsc,TAPRoamingmanager
formatDesc/Formats/TAP3-NG/RAP_0105_MissingReturn.dsc,TAPRoamingmanager
formatDesc/Formats/TAP3-NG/RAP_0105_OutGrammar.dsc,TAPRoamingmanager
formatDesc/Formats/TAP3-NG/RAP_0105_StopReturn.dsc,TAPRoamingmanager
formatDesc/Formats/TAP3-NG/StopRapInfo.dsc,TAPRoamingmanager
formatDesc/Formats/TAP3-NG/StopRapInfo_InGrammar.dsc,TAPRoamingmanager
formatDesc/Formats/TAP3-NG/TAP_0312_Blocks.dsc,TAPRoamingmanager
formatDesc/Formats/TAP3-NG/TAP_0312_InGrammar.dsc,TAPRoamingmanager
formatDesc/Formats/TAP3-NG/TAP_0312_OutGrammar.dsc,TAPRoamingmanager
iScriptLib/iScriptLib_Roaming/ISC_GetCamelFlag.isc,TAPRoamingmanager
iScriptLib/iScriptLib_Roaming/ISC_OverrideRateTag.isc,TAPRoamingmanager
iScriptLib/iScriptLib_Roaming/ISC_RAP_0105_InMap.isc,TAPRoamingmanager
iScriptLib/iScriptLib_Roaming/ISC_TAP_0312_InMap.isc,TAPRoamingmanager
iScriptLib/iScriptLib_Roaming/ISC_TAP_0312_Include.isc,TAPRoamingmanager
iScriptLib/iScriptLib_Roaming/ISC_TAP_0312_Validations.isc,TAPRoamingmanager
iScriptLib/iScriptLib_Roaming/ISC_UpdateTapInfo_StopRapout.isc,TAPRoamingmanager
iScriptLib/iScriptLib_Roaming/ISC_UpdateTapInfo_Tapin.isc,TAPRoamingmanager
iScriptLib/iScriptLib_Roaming/StopRapInfo_InMap.dsc,TAPRoamingmanager
---------------------------------------------
# The following are the new files were 
# packaged with this patch 
---------------------------------------------
iScriptLib/iScriptLib_Standard/ISC_GetResourceBalance.isc
lib/libBAS_crypt64.so
