-----------------IMPORTANT-------------------
# The following files will be installed 
# with this patch 
---------------------------------------------
---------------------------------------------
# The following files were packaged with 
# this patch, However only the applicable 
# files will be installed 
---------------------------------------------
$PATCH_HOME/apps/pin_rel/pin_rel_updater_sp_oracle.plb
---------------------------------------------
# The following files will not be installed
# because the latest version exists in the 
# system 
---------------------------------------------
apps/pin_rel/pin_rel_updater_sp_oracle.plb
---------------------------------------------
# The following files will not be installed
# because the prerequisite product is not
# installed in the system 
---------------------------------------------

---------------------------------------------
# The following are the new files were 
# packaged with this patch 
---------------------------------------------

